src/components/AIAnalisis.tsx(5,50): error TS2339: Property 'env' does not exist on type 'ImportMeta'.
src/lib/supabase.ts(3,33): error TS2339: Property 'env' does not exist on type 'ImportMeta'.
src/lib/supabase.ts(4,37): error TS2339: Property 'env' does not exist on type 'ImportMeta'.
src/pages/AdminDashboard.tsx(35,14): error TS6133: 'event' is declared but its value is never read.
